I'm sorry, but errors were detected in your script. Please correct the
errors listed below, and try again.


File "game/belfort.rpy", line 39: Line is followed by a block, despite not being a menu choice. Did you forget a colon at the end of the line?
    "I sure hope so! I'm very excited to be working with you!"
                                                              ^

Ren'Py Version: Ren'Py 6.99.10.1227
